
test(a, b) {
  printBool((a >= b));
  println();
  printBool((a <= b));
  println();
  printBool((a != b));
  println();
  printBool((a == b));
  println();
  printBool((a < b));
  println();
  printBool((a > b));
  println();
}
main() {
  i;
  j;
  for(i = 0;(i <= 4);i = (i + 1)) {
    for(j = 0;(j <= 4);j = (j + 1)) {
      test(i, j);
    }
  }
}

