
a;
b;
main() {
  b[5] = 2;
  a[(1 + 1)] = 100;
  printInt(a[2]);
}

