
addi;
main() {
  addi = readInt();
  printInt(addi);
}

