Crux Program has no type errors.

main() {
  if (/*bool*/ false) {
    printInt(/*int*/ 1);
  } else {
    printInt(/*int*/ 0);
  }
  printInt(/*int*/ (/*int*/ 0 - /*int*/ 1));
}

