Crux Program has no type errors.

main() {
  printInt(/*int*/ 42);
}

