program
  declarationList
    declaration
      functionDefinition
        type
        parameterList
        statementBlock
          statementList
            statement
              variableDeclaration
                type
            statement
              forStatement
                assignmentStatement
                  designator
                  expression0
                    expression1
                      expression2
                        expression3
                          literal
                expression0
                  expression1
                    expression2
                      expression3
                        designator
                  op0
                  expression1
                    expression2
                      expression3
                        literal
                assignmentStatementNoSemi
                  designator
                  expression0
                    expression1
                      expression1
                        expression2
                          expression3
                            designator
                      op1
                      expression2
                        expression3
                          literal
                statementBlock
                  statementList
                    statement
                      callStatement
                        callExpression
                          expressionList
                            expression0
                              expression1
                                expression2
                                  expression3
                                    callExpression
                                      expressionList
